<?xml version="1.0" encoding="ISO-8859-1"?>
<ows:ExceptionReport xmlns:ows="http://www.opengis.net/ows/2.0" xmlns:xsi="http://www.w3.org/2001/XMLSchema-instance" version="2.0.0" xml:lang="en-US" xsi:schemaLocation="http://www.opengis.net/ows/2.0 http://schemas.opengis.net/ows/2.0/owsExceptionReport.xsd">
  <ows:Exception exceptionCode="InvalidParameterValue" locator="projection">
    <ows:ExceptionText>msWCSGetCoverage20(): WCS server error. Error loading CRS http://www.opengis.net/def/crs/EPSG/0/99999.
msProcessProjection(): Projection library error. no options found in 'init' file</ows:ExceptionText>
  </ows:Exception>
</ows:ExceptionReport>
