<?xml version="1.0" encoding="ISO-8859-1"?><wcs:CoverageDescriptions xmlns:eop="http://www.opengis.net/eop/2.0" xmlns:gml="http://www.opengis.net/gml/3.2" xmlns:gmlcov="http://www.opengis.net/gmlcov/1.0" xmlns:om="http://www.opengis.net/om/2.0" xmlns:swe="http://www.opengis.net/swe/2.0" xmlns:wcs="http://www.opengis.net/wcs/2.0" xmlns:wcseo="http://www.opengis.net/wcseo/1.0" xmlns:xsi="http://www.w3.org/2001/XMLSchema-instance" xsi:schemaLocation="http://www.opengis.net/wcseo/1.0 http://schemas.opengis.net/wcseo/1.0/wcsEOAll.xsd"><wcs:CoverageDescription gml:id="REFERENCEABLE_ASAR_ID"><gml:boundedBy><gml:Envelope axisLabels="lat long" srsDimension="2" srsName="http://www.opengis.net/def/crs/EPSG/0/4326" uomLabels="deg deg"><gml:lowerCorner>-36.26237500 16.76118500</gml:lowerCorner><gml:upperCorner>-31.98708300 22.33711200</gml:upperCorner></gml:Envelope></gml:boundedBy><wcs:CoverageId>REFERENCEABLE_ASAR_ID</wcs:CoverageId><gmlcov:metadata><wcseo:EOMetadata><eop:EarthObservation gml:id="eop_ASA_WSM_1PNDPA20050331_075939_000000552036_00035_16121_0775"><om:phenomenonTime><gml:TimePeriod gml:id="phen_time_ASA_WSM_1PNDPA20050331_075939_000000552036_00035_16121_0775"><gml:beginPosition>2005-03-31T07:59:36Z</gml:beginPosition><gml:endPosition>2005-03-31T08:00:36Z</gml:endPosition></gml:TimePeriod></om:phenomenonTime><om:resultTime><gml:TimeInstant gml:id="res_time_ASA_WSM_1PNDPA20050331_075939_000000552036_00035_16121_0775"><gml:timePosition>2005-03-31T08:00:36Z</gml:timePosition></gml:TimeInstant></om:resultTime><om:procedure/><om:observedProperty/><om:featureOfInterest><eop:Footprint gml:id="footprint_ASA_WSM_1PNDPA20050331_075939_000000552036_00035_16121_0775"><eop:multiExtentOf><gml:MultiSurface gml:id="multisurface_ASA_WSM_1PNDPA20050331_075939_000000552036_00035_16121_0775" srsName="EPSG:4326"><gml:surfaceMember><gml:Polygon gml:id="polygon_ASA_WSM_1PNDPA20050331_075939_000000552036_00035_16121_0775_1"><gml:exterior><gml:LinearRing><gml:posList>-33.05991400 22.33711200 -32.79170600 21.22393500 -32.52349900 20.11075900 -32.25529100 18.99758300 -31.98708300 17.88440700 -31.98708300 17.88440700 -33.05457000 17.51000000 -34.12205700 17.13559200 -35.18954400 16.76118500 -35.18954400 16.76118500 -35.45728100 17.87240500 -35.72501700 18.98362500 -35.99275300 20.09484500 -36.26237500 21.21389000 -36.26237500 21.21389000 -35.19488800 21.58829700 -34.12740100 21.96270500 -33.05991400 22.33711200 -33.05991400 22.33711200</gml:posList></gml:LinearRing></gml:exterior></gml:Polygon></gml:surfaceMember></gml:MultiSurface></eop:multiExtentOf></eop:Footprint></om:featureOfInterest><om:result/><eop:metaDataProperty><eop:EarthObservationMetaData><eop:identifier>ASA_WSM_1PNDPA20050331_075939_000000552036_00035_16121_0775</eop:identifier><eop:acquisitionType>NOMINAL</eop:acquisitionType><eop:status>ARCHIVED</eop:status></eop:EarthObservationMetaData></eop:metaDataProperty></eop:EarthObservation></wcseo:EOMetadata></gmlcov:metadata><gml:domainSet><gml:ReferenceableGrid dimension="2" gml:id="REFERENCEABLE_ASAR_ID_grid"><gml:limits><gml:GridEnvelope><gml:low>0 0</gml:low><gml:high>568 485</gml:high></gml:GridEnvelope></gml:limits><gml:axisLabels>x y</gml:axisLabels></gml:ReferenceableGrid></gml:domainSet><gmlcov:rangeType><swe:DataRecord><swe:field name="ASAR_Amplitude"><swe:Quantity definition="http://www.opengis.net/def/property/OGC/0/Amplitude"><swe:description>ASAR Amplitude Band</swe:description><swe:nilValues><swe:NilValues><swe:nilValue reason="http://www.opengis.net/def/nil/OGC/0/unknown">0</swe:nilValue></swe:NilValues></swe:nilValues><swe:uom code="?"/><swe:constraint><swe:AllowedValues><swe:interval>0 65535</swe:interval><swe:significantFigures>5</swe:significantFigures></swe:AllowedValues></swe:constraint></swe:Quantity></swe:field></swe:DataRecord></gmlcov:rangeType><wcs:ServiceParameters><wcs:CoverageSubtype>ReferenceableDataset</wcs:CoverageSubtype></wcs:ServiceParameters></wcs:CoverageDescription></wcs:CoverageDescriptions>