<?xml version="1.0" encoding="ISO-8859-1"?><wcseo:EOCoverageSetDescription numberMatched="4" numberReturned="4" xmlns:eop="http://www.opengis.net/eop/2.0" xmlns:gml="http://www.opengis.net/gml/3.2" xmlns:gmlcov="http://www.opengis.net/gmlcov/1.0" xmlns:om="http://www.opengis.net/om/2.0" xmlns:swe="http://www.opengis.net/swe/2.0" xmlns:wcs="http://www.opengis.net/wcs/2.0" xmlns:wcseo="http://www.opengis.net/wcseo/1.0" xmlns:xlink="http://www.w3.org/1999/xlink" xmlns:xsi="http://www.w3.org/2001/XMLSchema-instance" xsi:schemaLocation="http://www.opengis.net/wcseo/1.0 http://schemas.opengis.net/wcseo/1.0/wcsEOAll.xsd"><wcs:CoverageDescriptions><wcs:CoverageDescription gml:id="mosaic_MER_FRS_1P_RGB_reduced"><gml:boundedBy><gml:Envelope axisLabels="lat long" srsDimension="2" srsName="http://www.opengis.net/def/crs/EPSG/0/4326" uomLabels="deg deg"><gml:lowerCorner>32.08007800 -4.04296900</gml:lowerCorner><gml:upperCorner>45.17578100 33.13476600</gml:upperCorner></gml:Envelope></gml:boundedBy><wcs:CoverageId>mosaic_MER_FRS_1P_RGB_reduced</wcs:CoverageId><gmlcov:metadata><wcseo:EOMetadata><eop:EarthObservation gml:id="eop_mosaic_MER_FRS_1P_RGB_reduced"><om:phenomenonTime><gml:TimePeriod gml:id="phen_time_mosaic_MER_FRS_1P_RGB_reduced"><gml:beginPosition>2006-08-16T00:00:00Z</gml:beginPosition><gml:endPosition>2006-08-31T00:00:00Z</gml:endPosition></gml:TimePeriod></om:phenomenonTime><om:resultTime><gml:TimeInstant gml:id="res_time_mosaic_MER_FRS_1P_RGB_reduced"><gml:timePosition>2006-08-31T00:00:00Z</gml:timePosition></gml:TimeInstant></om:resultTime><om:procedure/><om:observedProperty/><om:featureOfInterest><eop:Footprint gml:id="footprint_mosaic_MER_FRS_1P_RGB_reduced"><eop:multiExtentOf><gml:MultiSurface gml:id="multisurface_mosaic_MER_FRS_1P_RGB_reduced"><gml:surfaceMember><gml:Polygon gml:id="polygon_mosaic_MER_FRS_1P_RGB_reduced"><gml:exterior><gml:LinearRing><gml:posList>46.215382 11.452165 46.077139 12.564601 45.898161 13.887095 45.845343 14.224295 46.216558 14.322576 46.152076 14.889221 46.044475 15.714163 45.874384 16.939196 45.707637 18.041168 45.437661 19.696621 45.188708 21.061979 44.985502 22.146530 44.817601 22.972839 44.548719 24.216794 44.353026 25.078471 44.222401 25.619454 43.869453 27.096691 43.648678 27.968591 42.914276 27.608909 41.406745 26.904154 39.890887 26.231198 38.857425 25.792810 37.327455 25.159378 35.916980 24.607823 34.659956 24.126822 33.485864 23.695477 32.269746 23.264471 32.597366 21.937720 32.907609 20.617207 32.266927 20.386391 32.473013 19.564205 32.799957 18.208092 33.156755 16.635975 33.490106 15.045830 33.802420 13.468673 34.117628 11.788656 34.404759 10.101986 34.575270 9.013785 33.807811 8.728287 32.264541 8.174463 32.474457 7.346658 32.914721 5.489001 33.329295 3.594913 33.718949 1.679562 34.082882 -0.256213 34.340572 -1.744084 34.602948 -3.437981 35.200500 -3.312138 36.757094 -2.968614 38.055796 -2.682010 39.517336 -2.350759 41.300921 -1.942069 42.946216 -1.553860 44.592511 -1.166995 46.218445 -0.769772 46.082906 0.288547 45.736363 2.733420 45.399470 4.815657 45.009482 6.894776 44.750185 8.154914 44.419524 9.634246 44.121347 10.939300 44.657040 11.069402 45.550039 11.282255 46.215382 11.452165</gml:posList></gml:LinearRing></gml:exterior></gml:Polygon></gml:surfaceMember></gml:MultiSurface></eop:multiExtentOf></eop:Footprint></om:featureOfInterest><om:result/><eop:metaDataProperty><eop:EarthObservationMetaData><eop:identifier>mosaic_MER_FRS_1P_RGB_reduced</eop:identifier><eop:acquisitionType>NOMINAL</eop:acquisitionType><eop:status>ARCHIVED</eop:status></eop:EarthObservationMetaData></eop:metaDataProperty></eop:EarthObservation></wcseo:EOMetadata></gmlcov:metadata><gml:domainSet><gml:RectifiedGrid dimension="2" gml:id="mosaic_MER_FRS_1P_RGB_reduced_grid"><gml:limits><gml:GridEnvelope><gml:low>0 0</gml:low><gml:high>1022 450</gml:high></gml:GridEnvelope></gml:limits><gml:axisLabels>long lat</gml:axisLabels><gml:origin><gml:Point gml:id="mosaic_MER_FRS_1P_RGB_reduced_grid_origin" srsName="http://www.opengis.net/def/crs/EPSG/0/4326"><gml:pos>-3.750000 46.300000</gml:pos></gml:Point></gml:origin><gml:offsetVector srsName="http://www.opengis.net/def/crs/EPSG/0/4326">0.031355 0.0</gml:offsetVector><gml:offsetVector srsName="http://www.opengis.net/def/crs/EPSG/0/4326">0.0 -0.031355</gml:offsetVector></gml:RectifiedGrid></gml:domainSet><gmlcov:rangeType><swe:DataRecord><swe:field name="red"><swe:Quantity definition="http://www.opengis.net/def/property/OGC/0/Radiance"><swe:description>Red Channel</swe:description><swe:nilValues/><swe:uom code="W.m-2.Sr-1"/><swe:constraint><swe:AllowedValues><swe:interval>0 255</swe:interval><swe:significantFigures>3</swe:significantFigures></swe:AllowedValues></swe:constraint></swe:Quantity></swe:field><swe:field name="green"><swe:Quantity definition="http://www.opengis.net/def/property/OGC/0/Radiance"><swe:description>Green Channel</swe:description><swe:nilValues/><swe:uom code="W.m-2.Sr-1"/><swe:constraint><swe:AllowedValues><swe:interval>0 255</swe:interval><swe:significantFigures>3</swe:significantFigures></swe:AllowedValues></swe:constraint></swe:Quantity></swe:field><swe:field name="blue"><swe:Quantity definition="http://www.opengis.net/def/property/OGC/0/Radiance"><swe:description>Blue Channel</swe:description><swe:nilValues/><swe:uom code="W.m-2.Sr-1"/><swe:constraint><swe:AllowedValues><swe:interval>0 255</swe:interval><swe:significantFigures>3</swe:significantFigures></swe:AllowedValues></swe:constraint></swe:Quantity></swe:field></swe:DataRecord></gmlcov:rangeType><wcs:ServiceParameters><wcs:CoverageSubtype>RectifiedStitchedMosaic</wcs:CoverageSubtype></wcs:ServiceParameters></wcs:CoverageDescription><wcs:CoverageDescription gml:id="mosaic_MER_FRS_1PNPDE20060816_090929_000001972050_00222_23322_0058_RGB_reduced"><gml:boundedBy><gml:Envelope axisLabels="lat long" srsDimension="2" srsName="http://www.opengis.net/def/crs/EPSG/0/4326" uomLabels="deg deg"><gml:lowerCorner>32.269746 11.648344</gml:lowerCorner><gml:upperCorner>46.216558 27.968591</gml:upperCorner></gml:Envelope></gml:boundedBy><wcs:CoverageId>mosaic_MER_FRS_1PNPDE20060816_090929_000001972050_00222_23322_0058_RGB_reduced</wcs:CoverageId><gmlcov:metadata><wcseo:EOMetadata><eop:EarthObservation gml:id="eop_mosaic_MER_FRS_1PNPDE20060816_090929_000001972050_00222_23322_0058_RGB_reduced" xmlns:eop="http://www.opengis.net/eop/2.0" xmlns:gml="http://www.opengis.net/gml/3.2" xmlns:om="http://www.opengis.net/om/2.0" xmlns:swe="http://www.opengis.net/swe/1.0" xmlns:xlink="http://www.w3.org/1999/xlink" xmlns:xsi="http://www.w3.org/2001/XMLSchema-instance" xsi:schemaLocation="http://www.opengis.net/opt/2.0 ../xsd/opt.xsd">
    <om:phenomenonTime>
        <gml:TimePeriod gml:id="tp_mosaic_MER_FRS_1PNPDE20060816_090929_000001972050_00222_23322_0058_RGB_reduced">
            <gml:beginPosition>2006-08-16T09:09:29Z</gml:beginPosition>
            <gml:endPosition>2006-08-16T09:12:46Z</gml:endPosition>
        </gml:TimePeriod>
    </om:phenomenonTime>
    <om:resultTime>
        <!-- repeat of archiving date? -->
        <gml:TimeInstant gml:id="archivingdate_mosaic_MER_FRS_1PNPDE20060816_090929_000001972050_00222_23322_0058_RGB_reduced">
            <gml:timePosition>2006-08-16T11:03:08Z</gml:timePosition>
        </gml:TimeInstant>
    </om:resultTime>
    <om:procedure>
        <eop:EarthObservationEquipment gml:id="equ_mosaic_MER_FRS_1PNPDE20060816_090929_000001972050_00222_23322_0058_RGB_reduced">
            <eop:platform>
                <eop:Platform>
                    <eop:shortName>ENVISAT</eop:shortName>
                </eop:Platform>
            </eop:platform>
            <eop:instrument>
                <eop:Instrument>
                    <eop:shortName>MERIS</eop:shortName>
                </eop:Instrument>
            </eop:instrument>
            <eop:sensor>
                <eop:Sensor>
                    <eop:sensorType>OPTICAL</eop:sensorType>
                </eop:Sensor>
            </eop:sensor>
        </eop:EarthObservationEquipment>
    </om:procedure>
    <om:observedProperty xlink:href="#params1"/>
    <om:featureOfInterest>
        <eop:Footprint gml:id="footprint_mosaic_MER_FRS_1PNPDE20060816_090929_000001972050_00222_23322_0058_RGB_reduced">
            <eop:multiExtentOf>
                <gml:MultiSurface gml:id="ms_mosaic_MER_FRS_1PNPDE20060816_090929_000001972050_00222_23322_0058_RGB_reduced" srsName="EPSG:4326">
                    <gml:surfaceMember>
                        <gml:Polygon gml:id="poly_mosaic_MER_FRS_1PNPDE20060816_090929_000001972050_00222_23322_0058_RGB_reduced">
                            <gml:exterior>
                                <gml:LinearRing>
                                    <gml:posList>14.322575965570632 46.216558117161831 14.889221273108005 46.152076035932481 15.714163344615594 46.044474823463794 16.939196215846479 45.874384258110481 18.041167934827204 45.707637144588894 19.696621277900043 45.437660686504373 21.061979138012749 45.188708312816836 22.146529676798433 44.985502338431836 22.972838987446604 44.817601054763827 24.216794365275184 44.548719301064217 25.078471192994467 44.3530257779924 25.619454330500787 44.22240050905593 27.09669054643166 43.869452681903326 27.968590771844294 43.648677594634755 27.608908709842403 42.914276071713552 26.904154140811876 41.406744994495533 26.231198447937022 39.890886830729123 25.792810051163016 38.857425138443418 25.159378338866166 37.327455393788711 24.607823210234383 35.916979840274777 24.126821684115889 34.659955537947333 23.695476694402991 33.485864484245845 23.26447084501703 32.269745756399814 21.93771962779514 32.597366402196513 20.490341506430831 32.937415353394336 18.720985177579344 33.329502252603099 17.307239088316752 33.615994276288191 16.11996944899975 33.851259307900314 14.837090472242945 34.086158876902616 13.6927083205932 34.286728058386622 12.702328609369403 34.450209004129491 11.648344319329102 34.61257554817076 11.818952124495301 35.404301926952847 12.060892168743793 36.49644381567186 12.273681516152488 37.456615498759454 12.465752226451535 38.338767896663171 12.658488985584443 39.179619054397598 12.861885998466006 40.085426060828823 13.125704236676295 41.224754298927756 13.249297855403793 41.773101066725957 13.442093948019213 42.58703007421078 13.64731130090046 43.450338489759865 13.749195683701547 43.879741506184544 13.904244341338821 44.515959757778518 14.076176234357471 45.247153632802366 14.215619939492056 45.812576564427765 14.322575965570632 46.216558117161831</gml:posList>
                                </gml:LinearRing>
                            </gml:exterior>
                        </gml:Polygon>
                    </gml:surfaceMember>
                </gml:MultiSurface>
            </eop:multiExtentOf>
        </eop:Footprint>
    </om:featureOfInterest>
    <om:result/>
    <eop:metaDataProperty>
        <eop:EarthObservationMetaData>
            <eop:identifier>mosaic_MER_FRS_1PNPDE20060816_090929_000001972050_00222_23322_0058_RGB_reduced</eop:identifier>
            <eop:acquisitionType>NOMINAL</eop:acquisitionType>
            <eop:productType>MER_FRS_1P</eop:productType>
            <eop:status>ARCHIVED</eop:status>
            <eop:downlinkedTo>
                <eop:DownlinkInformation>
                    <eop:acquisitionStation>PDHS-E</eop:acquisitionStation>
                </eop:DownlinkInformation>
            </eop:downlinkedTo>
            <eop:processing>
                <eop:ProcessingInformation>
                    <eop:processingCenter>PDHS-E</eop:processingCenter>
                </eop:ProcessingInformation>
            </eop:processing>
        </eop:EarthObservationMetaData>
    </eop:metaDataProperty>
</eop:EarthObservation></wcseo:EOMetadata></gmlcov:metadata><gml:domainSet><gml:RectifiedGrid dimension="2" gml:id="mosaic_MER_FRS_1PNPDE20060816_090929_000001972050_00222_23322_0058_RGB_reduced_grid"><gml:limits><gml:GridEnvelope><gml:low>0 0</gml:low><gml:high>540 448</gml:high></gml:GridEnvelope></gml:limits><gml:axisLabels>long lat</gml:axisLabels><gml:origin><gml:Point gml:id="mosaic_MER_FRS_1PNPDE20060816_090929_000001972050_00222_23322_0058_RGB_reduced_grid_origin" srsName="http://www.opengis.net/def/crs/EPSG/0/4326"><gml:pos>11.33175500 46.26864500</gml:pos></gml:Point></gml:origin><gml:offsetVector srsName="http://www.opengis.net/def/crs/EPSG/0/4326">0.03135500 0.0</gml:offsetVector><gml:offsetVector srsName="http://www.opengis.net/def/crs/EPSG/0/4326">0.0 -0.03135500</gml:offsetVector></gml:RectifiedGrid></gml:domainSet><gmlcov:rangeType><swe:DataRecord><swe:field name="red"><swe:Quantity definition="http://www.opengis.net/def/property/OGC/0/Radiance"><swe:description>Red Channel</swe:description><swe:nilValues/><swe:uom code="W.m-2.Sr-1"/><swe:constraint><swe:AllowedValues><swe:interval>0 255</swe:interval><swe:significantFigures>3</swe:significantFigures></swe:AllowedValues></swe:constraint></swe:Quantity></swe:field><swe:field name="green"><swe:Quantity definition="http://www.opengis.net/def/property/OGC/0/Radiance"><swe:description>Green Channel</swe:description><swe:nilValues/><swe:uom code="W.m-2.Sr-1"/><swe:constraint><swe:AllowedValues><swe:interval>0 255</swe:interval><swe:significantFigures>3</swe:significantFigures></swe:AllowedValues></swe:constraint></swe:Quantity></swe:field><swe:field name="blue"><swe:Quantity definition="http://www.opengis.net/def/property/OGC/0/Radiance"><swe:description>Blue Channel</swe:description><swe:nilValues/><swe:uom code="W.m-2.Sr-1"/><swe:constraint><swe:AllowedValues><swe:interval>0 255</swe:interval><swe:significantFigures>3</swe:significantFigures></swe:AllowedValues></swe:constraint></swe:Quantity></swe:field></swe:DataRecord></gmlcov:rangeType><wcs:ServiceParameters><wcs:CoverageSubtype>RectifiedDataset</wcs:CoverageSubtype></wcs:ServiceParameters></wcs:CoverageDescription><wcs:CoverageDescription gml:id="mosaic_MER_FRS_1PNPDE20060830_100949_000001972050_00423_23523_0079_RGB_reduced"><gml:boundedBy><gml:Envelope axisLabels="lat long" srsDimension="2" srsName="http://www.opengis.net/def/crs/EPSG/0/4326" uomLabels="deg deg"><gml:lowerCorner>32.26454100 -3.43798100</gml:lowerCorner><gml:upperCorner>46.21844500 12.87473400</gml:upperCorner></gml:Envelope></gml:boundedBy><wcs:CoverageId>mosaic_MER_FRS_1PNPDE20060830_100949_000001972050_00423_23523_0079_RGB_reduced</wcs:CoverageId><gmlcov:metadata><wcseo:EOMetadata><eop:EarthObservation gml:id="eop_mosaic_MER_FRS_1PNPDE20060830_100949_000001972050_00423_23523_0079_RGB_reduced" xmlns:eop="http://www.opengis.net/eop/2.0" xmlns:gml="http://www.opengis.net/gml/3.2" xmlns:om="http://www.opengis.net/om/2.0" xmlns:swe="http://www.opengis.net/swe/1.0" xmlns:xlink="http://www.w3.org/1999/xlink" xmlns:xsi="http://www.w3.org/2001/XMLSchema-instance" xsi:schemaLocation="http://www.opengis.net/opt/2.0 ../xsd/opt.xsd">
    <om:phenomenonTime>
        <gml:TimePeriod gml:id="tp_mosaic_MER_FRS_1PNPDE20060830_100949_000001972050_00423_23523_0079_RGB_reduced">
            <gml:beginPosition>2008-08-30T10:09:49Z</gml:beginPosition>
            <gml:endPosition>2008-08-30T10:13:06Z</gml:endPosition>
        </gml:TimePeriod>
    </om:phenomenonTime>
    <om:resultTime>
        <!-- repeat of archiving date? -->
        <gml:TimeInstant gml:id="archivingdate_mosaic_MER_FRS_1PNPDE20060830_100949_000001972050_00423_23523_0079_RGB_reduced">
            <gml:timePosition>2006-08-30T13:08:46Z</gml:timePosition>
        </gml:TimeInstant>
    </om:resultTime>
    <om:procedure>
        <eop:EarthObservationEquipment gml:id="equ_mosaic_MER_FRS_1PNPDE20060830_100949_000001972050_00423_23523_0079_RGB_reduced">
            <eop:platform>
                <eop:Platform>
                    <eop:shortName>ENVISAT</eop:shortName>
                </eop:Platform>
            </eop:platform>
            <eop:instrument>
                <eop:Instrument>
                    <eop:shortName>MERIS</eop:shortName>
                </eop:Instrument>
            </eop:instrument>
            <eop:sensor>
                <eop:Sensor>
                    <eop:sensorType>OPTICAL</eop:sensorType>
                </eop:Sensor>
            </eop:sensor>
        </eop:EarthObservationEquipment>
    </om:procedure>
    <om:observedProperty xlink:href="#params1"/>
    <om:featureOfInterest>
        <eop:Footprint gml:id="footprint_mosaic_MER_FRS_1PNPDE20060830_100949_000001972050_00423_23523_0079_RGB_reduced">
            <eop:multiExtentOf>
                <gml:MultiSurface gml:id="ms_mosaic_MER_FRS_1PNPDE20060830_100949_000001972050_00423_23523_0079_RGB_reduced" srsName="EPSG:4326">
                    <gml:surfaceMember>
                        <gml:Polygon gml:id="poly_mosaic_MER_FRS_1PNPDE20060830_100949_000001972050_00423_23523_0079_RGB_reduced">
                            <gml:exterior>
                                <gml:LinearRing>
                                    <gml:posList>-0.76977182361738 46.218445404185523 0.288547363821689 46.082906444151412 2.733419759721718 45.736362636726184 4.815657039292408 45.39947037754385 6.894775798282314 45.009481751872841 8.154913571318612 44.75018471574041 9.634245839133294 44.419523953086873 11.006182471486037 44.106065841642724 12.278832827641576 43.799809353864482 12.874734457414554 43.64035642239579 12.228748112726354 42.297024153936299 11.428424700783859 40.540559047616689 10.660987879488511 38.744184017222707 9.927539260629768 36.963087985384199 9.239587579469651 35.182260410114758 8.728287480275119 33.807810710102451 8.174463354403226 32.264540577585258 7.346658308388547 32.474457463913588 5.48900097684443 32.914720908552496 3.594912710998026 33.32929471736243 1.679561673218221 33.718948965521164 -0.256213475006078 34.082882201063725 -1.744083689584682 34.340572432492237 -3.43798101398678 34.602947959526702 -3.312138031931722 35.200500221283981 -2.96861379128801 36.757093701370252 -2.682010254826003 38.055795734748088 -2.350758514252345 39.51733579731436 -1.942069312500661 41.300920677569081 -1.553859522839208 42.946216061481564 -1.166995203885614 44.592511014222083 -0.76977182361738 46.218445404185523</gml:posList>
                                </gml:LinearRing>
                            </gml:exterior>
                        </gml:Polygon>
                    </gml:surfaceMember>
                </gml:MultiSurface>
            </eop:multiExtentOf>
        </eop:Footprint>
    </om:featureOfInterest>
    <om:result/>
    <eop:metaDataProperty>
        <eop:EarthObservationMetaData>
            <eop:identifier>mosaic_MER_FRS_1PNPDE20060830_100949_000001972050_00423_23523_0079_RGB_reduced</eop:identifier>
            <eop:acquisitionType>NOMINAL</eop:acquisitionType>
            <eop:productType>MER_FRS_1P</eop:productType>
            <eop:status>ARCHIVED</eop:status>
            <eop:downlinkedTo>
                <eop:DownlinkInformation>
                    <eop:acquisitionStation>PDHS-E</eop:acquisitionStation>
                </eop:DownlinkInformation>
            </eop:downlinkedTo>
            <eop:processing>
                <eop:ProcessingInformation>
                    <eop:processingCenter>PDHS-E</eop:processingCenter>
                </eop:ProcessingInformation>
            </eop:processing>
        </eop:EarthObservationMetaData>
    </eop:metaDataProperty>
</eop:EarthObservation></wcseo:EOMetadata></gmlcov:metadata><gml:domainSet><gml:RectifiedGrid dimension="2" gml:id="mosaic_MER_FRS_1PNPDE20060830_100949_000001972050_00423_23523_0079_RGB_reduced_grid"><gml:limits><gml:GridEnvelope><gml:low>0 0</gml:low><gml:high>540 448</gml:high></gml:GridEnvelope></gml:limits><gml:axisLabels>long lat</gml:axisLabels><gml:origin><gml:Point gml:id="mosaic_MER_FRS_1PNPDE20060830_100949_000001972050_00423_23523_0079_RGB_reduced_grid_origin" srsName="http://www.opengis.net/def/crs/EPSG/0/4326"><gml:pos>-3.75000000 46.26864500</gml:pos></gml:Point></gml:origin><gml:offsetVector srsName="http://www.opengis.net/def/crs/EPSG/0/4326">0.03135500 0.0</gml:offsetVector><gml:offsetVector srsName="http://www.opengis.net/def/crs/EPSG/0/4326">0.0 -0.03135500</gml:offsetVector></gml:RectifiedGrid></gml:domainSet><gmlcov:rangeType><swe:DataRecord><swe:field name="red"><swe:Quantity definition="http://www.opengis.net/def/property/OGC/0/Radiance"><swe:description>Red Channel</swe:description><swe:nilValues/><swe:uom code="W.m-2.Sr-1"/><swe:constraint><swe:AllowedValues><swe:interval>0 255</swe:interval><swe:significantFigures>3</swe:significantFigures></swe:AllowedValues></swe:constraint></swe:Quantity></swe:field><swe:field name="green"><swe:Quantity definition="http://www.opengis.net/def/property/OGC/0/Radiance"><swe:description>Green Channel</swe:description><swe:nilValues/><swe:uom code="W.m-2.Sr-1"/><swe:constraint><swe:AllowedValues><swe:interval>0 255</swe:interval><swe:significantFigures>3</swe:significantFigures></swe:AllowedValues></swe:constraint></swe:Quantity></swe:field><swe:field name="blue"><swe:Quantity definition="http://www.opengis.net/def/property/OGC/0/Radiance"><swe:description>Blue Channel</swe:description><swe:nilValues/><swe:uom code="W.m-2.Sr-1"/><swe:constraint><swe:AllowedValues><swe:interval>0 255</swe:interval><swe:significantFigures>3</swe:significantFigures></swe:AllowedValues></swe:constraint></swe:Quantity></swe:field></swe:DataRecord></gmlcov:rangeType><wcs:ServiceParameters><wcs:CoverageSubtype>RectifiedDataset</wcs:CoverageSubtype></wcs:ServiceParameters></wcs:CoverageDescription><wcs:CoverageDescription gml:id="mosaic_MER_FRS_1PNPDE20060822_092058_000001972050_00308_23408_0077_RGB_reduced"><gml:boundedBy><gml:Envelope axisLabels="lat long" srsDimension="2" srsName="http://www.opengis.net/def/crs/EPSG/0/4326" uomLabels="deg deg"><gml:lowerCorner>32.26692700 8.77892600</gml:lowerCorner><gml:upperCorner>46.21538200 25.09349500</gml:upperCorner></gml:Envelope></gml:boundedBy><wcs:CoverageId>mosaic_MER_FRS_1PNPDE20060822_092058_000001972050_00308_23408_0077_RGB_reduced</wcs:CoverageId><gmlcov:metadata><wcseo:EOMetadata><eop:EarthObservation gml:id="eop_mosaic_MER_FRS_1PNPDE20060822_092058_000001972050_00308_23408_0077_RGB_reduced" xmlns:eop="http://www.opengis.net/eop/2.0" xmlns:gml="http://www.opengis.net/gml/3.2" xmlns:om="http://www.opengis.net/om/2.0" xmlns:swe="http://www.opengis.net/swe/1.0" xmlns:xlink="http://www.w3.org/1999/xlink" xmlns:xsi="http://www.w3.org/2001/XMLSchema-instance" xsi:schemaLocation="http://www.opengis.net/opt/2.0 ../xsd/opt.xsd">
    <om:phenomenonTime>
        <gml:TimePeriod gml:id="tp_mosaic_MER_FRS_1PNPDE20060822_092058_000001972050_00308_23408_0077_RGB_reduced">
            <gml:beginPosition>2006-08-22T09:20:58Z</gml:beginPosition>
            <gml:endPosition>2006-08-22T09:24:15Z</gml:endPosition>
        </gml:TimePeriod>
    </om:phenomenonTime>
    <om:resultTime>
        <!-- repeat of archiving date? -->
        <gml:TimeInstant gml:id="archivingdate_mosaic_MER_FRS_1PNPDE20060822_092058_000001972050_00308_23408_0077_RGB_reduced">
            <gml:timePosition>2006-08-25T07:49:17Z</gml:timePosition>
        </gml:TimeInstant>
    </om:resultTime>
    <om:procedure>
        <eop:EarthObservationEquipment gml:id="equ_mosaic_MER_FRS_1PNPDE20060822_092058_000001972050_00308_23408_0077_RGB_reduced">
            <eop:platform>
                <eop:Platform>
                    <eop:shortName>ENVISAT</eop:shortName>
                </eop:Platform>
            </eop:platform>
            <eop:instrument>
                <eop:Instrument>
                    <eop:shortName>MERIS</eop:shortName>
                </eop:Instrument>
            </eop:instrument>
            <eop:sensor>
                <eop:Sensor>
                    <eop:sensorType>OPTICAL</eop:sensorType>
                </eop:Sensor>
            </eop:sensor>
        </eop:EarthObservationEquipment>
    </om:procedure>
    <om:observedProperty xlink:href="#params1"/>
    <om:featureOfInterest>
        <eop:Footprint gml:id="footprint_mosaic_MER_FRS_1PNPDE20060822_092058_000001972050_00308_23408_0077_RGB_reduced">
            <eop:multiExtentOf>
                <gml:MultiSurface gml:id="ms_mosaic_MER_FRS_1PNPDE20060822_092058_000001972050_00308_23408_0077_RGB_reduced" srsName="EPSG:4326">
                    <gml:surfaceMember>
                        <gml:Polygon gml:id="poly_mosaic_MER_FRS_1PNPDE20060822_092058_000001972050_00308_23408_0077_RGB_reduced">
                            <gml:exterior>
                                <gml:LinearRing>
                                    <gml:posList>11.452164999301536 46.215382038266426 12.56460056524387 46.077138992332522 13.88709473239655 45.898160545555285 15.27428923693798 45.680873827856274 16.732634573806106 45.449785763554488 18.910935999726473 45.051916790463871 20.408605523933062 44.748011699503031 21.96696659827764 44.411941287675177 23.519043285242258 44.042016022159309 25.093495248306709 43.643722088460834 24.697623348710682 42.820580145843472 24.095725514178625 41.526815857193817 23.448735861981131 40.080867763238736 22.989465254572469 39.025151818307243 22.50232224402901 37.85145204973027 22.01522231099019 36.642481720935422 21.498852478425345 35.307014823570611 20.944158667755332 33.815137282909021 20.386391220319478 32.266926679766343 19.564204682221426 32.473013412727383 18.208092189126496 32.79995702514136 16.635974830934515 33.156754966055587 15.045830395932443 33.490105968579719 13.468673053964881 33.802420221893549 11.788656279967018 34.117627714568791 10.10198645739054 34.404759326849735 8.778925655898064 34.612069910182186 9.065762626406386 35.937735362108867 9.314689072633191 37.042634504980391 9.571219329906695 38.211692868275371 9.910891562982675 39.708832350160876 10.256936653724585 41.235238659326725 10.570638082577355 42.571739065122323 10.804735163945022 43.567273827516843 11.06940217936636 44.657040223845229 11.28225456261711 45.550039415025189 11.452164999301536 46.215382038266426</gml:posList>
                                </gml:LinearRing>
                            </gml:exterior>
                        </gml:Polygon>
                    </gml:surfaceMember>
                </gml:MultiSurface>
            </eop:multiExtentOf>
        </eop:Footprint>
    </om:featureOfInterest>
    <om:result/>
    <eop:metaDataProperty>
        <eop:EarthObservationMetaData>
            <eop:identifier>mosaic_MER_FRS_1PNPDE20060822_092058_000001972050_00308_23408_0077_RGB_reduced</eop:identifier>
            <eop:acquisitionType>NOMINAL</eop:acquisitionType>
            <eop:productType>MER_FRS_1P</eop:productType>
            <eop:status>ARCHIVED</eop:status>
            <eop:downlinkedTo>
                <eop:DownlinkInformation>
                    <eop:acquisitionStation>PDHS-E</eop:acquisitionStation>
                </eop:DownlinkInformation>
            </eop:downlinkedTo>
            <eop:processing>
                <eop:ProcessingInformation>
                    <eop:processingCenter>PDHS-E</eop:processingCenter>
                </eop:ProcessingInformation>
            </eop:processing>
        </eop:EarthObservationMetaData>
    </eop:metaDataProperty>
</eop:EarthObservation></wcseo:EOMetadata></gmlcov:metadata><gml:domainSet><gml:RectifiedGrid dimension="2" gml:id="mosaic_MER_FRS_1PNPDE20060822_092058_000001972050_00308_23408_0077_RGB_reduced_grid"><gml:limits><gml:GridEnvelope><gml:low>0 0</gml:low><gml:high>539 448</gml:high></gml:GridEnvelope></gml:limits><gml:axisLabels>long lat</gml:axisLabels><gml:origin><gml:Point gml:id="mosaic_MER_FRS_1PNPDE20060822_092058_000001972050_00308_23408_0077_RGB_reduced_grid_origin" srsName="http://www.opengis.net/def/crs/EPSG/0/4326"><gml:pos>8.47845000 46.26864500</gml:pos></gml:Point></gml:origin><gml:offsetVector srsName="http://www.opengis.net/def/crs/EPSG/0/4326">0.03135500 0.0</gml:offsetVector><gml:offsetVector srsName="http://www.opengis.net/def/crs/EPSG/0/4326">0.0 -0.03135500</gml:offsetVector></gml:RectifiedGrid></gml:domainSet><gmlcov:rangeType><swe:DataRecord><swe:field name="red"><swe:Quantity definition="http://www.opengis.net/def/property/OGC/0/Radiance"><swe:description>Red Channel</swe:description><swe:nilValues/><swe:uom code="W.m-2.Sr-1"/><swe:constraint><swe:AllowedValues><swe:interval>0 255</swe:interval><swe:significantFigures>3</swe:significantFigures></swe:AllowedValues></swe:constraint></swe:Quantity></swe:field><swe:field name="green"><swe:Quantity definition="http://www.opengis.net/def/property/OGC/0/Radiance"><swe:description>Green Channel</swe:description><swe:nilValues/><swe:uom code="W.m-2.Sr-1"/><swe:constraint><swe:AllowedValues><swe:interval>0 255</swe:interval><swe:significantFigures>3</swe:significantFigures></swe:AllowedValues></swe:constraint></swe:Quantity></swe:field><swe:field name="blue"><swe:Quantity definition="http://www.opengis.net/def/property/OGC/0/Radiance"><swe:description>Blue Channel</swe:description><swe:nilValues/><swe:uom code="W.m-2.Sr-1"/><swe:constraint><swe:AllowedValues><swe:interval>0 255</swe:interval><swe:significantFigures>3</swe:significantFigures></swe:AllowedValues></swe:constraint></swe:Quantity></swe:field></swe:DataRecord></gmlcov:rangeType><wcs:ServiceParameters><wcs:CoverageSubtype>RectifiedDataset</wcs:CoverageSubtype></wcs:ServiceParameters></wcs:CoverageDescription></wcs:CoverageDescriptions><wcseo:DatasetSeriesDescriptions/></wcseo:EOCoverageSetDescription>