<?xml version="1.0" encoding="ISO-8859-1"?><ows:ExceptionReport version="2.0.0" xml:lang="en" xmlns:ows="http://www.opengis.net/ows/2.0"><ows:Exception exceptionCode="InvalidSubsetting" locator="subset"><ows:ExceptionText>Cannot convert token 'some_lat' to number.</ows:ExceptionText></ows:Exception></ows:ExceptionReport>