<?xml version="1.0" encoding="ISO-8859-1"?><ows:ExceptionReport version="2.0.0" xml:lang="en" xmlns:ows="http://www.opengis.net/ows/2.0"><ows:Exception exceptionCode="NoSuchCoverage" locator="MER_FRS_1P_reduced"><ows:ExceptionText>No coverage with coverage id 'MER_FRS_1P_reduced' found</ows:ExceptionText></ows:Exception></ows:ExceptionReport>