<?xml version="1.0" encoding="ISO-8859-1"?><ows:ExceptionReport version="2.0.0" xml:lang="en" xmlns:ows="http://www.opengis.net/ows/2.0"><ows:Exception exceptionCode="NoSuchCoverage" locator="eoid"><ows:ExceptionText>No coverage or dataset series with EO ID 'some_eo_object' found</ows:ExceptionText></ows:Exception></ows:ExceptionReport>