<?xml version="1.0" encoding="ISO-8859-1"?><ows:ExceptionReport version="2.0.0" xml:lang="en" xmlns:ows="http://www.opengis.net/ows/2.0" xmlns:xsi="http://www.w3.org/2001/XMLSchema-instance" xsi:schemaLocation="http://www.opengis.net/wcseo/1.0 http://schemas.opengis.net/wcseo/1.0/wcsEOAll.xsd"><ows:Exception exceptionCode="InvalidSubsetting" locator="subset"><ows:ExceptionText>Cannot convert token '&quot;2006-31-31&quot;' to Date/Time.</ows:ExceptionText></ows:Exception></ows:ExceptionReport>