<?xml version="1.0" encoding="ISO-8859-1"?><ows:ExceptionReport version="2.0.0" xml:lang="en" xmlns:ows="http://www.opengis.net/ows/2.0"><ows:Exception exceptionCode="VersionNegotiationFailed"><ows:ExceptionText>Version negotiation failed! Highest supported version: 2.0.0; Lowest supported version: 1.0.0</ows:ExceptionText></ows:Exception></ows:ExceptionReport>