<?xml version="1.0" encoding="ISO-8859-1"?><wcs:Capabilities updateSequence="20110529T133000Z" version="2.0.0" xmlns:gml="http://www.opengis.net/gml/3.2" xmlns:gmlcov="http://www.opengis.net/gmlcov/1.0" xmlns:ogc="http://www.opengis.net/ogc" xmlns:ows="http://www.opengis.net/ows/2.0" xmlns:swe="http://www.opengis.net/swe/2.0" xmlns:wcs="http://www.opengis.net/wcs/2.0" xmlns:wcseo="http://www.opengis.net/wcseo/1.0" xmlns:xlink="http://www.w3.org/1999/xlink" xmlns:xsi="http://www.w3.org/2001/XMLSchema-instance" xsi:schemaLocation="http://www.opengis.net/wcseo/1.0 http://schemas.opengis.net/wcseo/1.0/wcsEOAll.xsd">
  <ows:ServiceIdentification>
    <ows:Title>Test configuration of MapServer used to demonstrate EOxServer</ows:Title>
    <ows:Abstract>Test configuration of MapServer used to demonstrate EOxServer</ows:Abstract>
    <ows:Keywords>
      <ows:Keyword>&lt;KEYWORDLIST&gt;</ows:Keyword>
    </ows:Keywords>
    <ows:ServiceType codeSpace="OGC">OGC WCS</ows:ServiceType>
    <ows:ServiceTypeVersion>2.0.0</ows:ServiceTypeVersion>
    <ows:Profile>http://www.opengis.net/spec/WCS_application-profile_earth-observation/1.0/conf/eowcs</ows:Profile><ows:Profile>http://www.opengis.net/spec/WCS_application-profile_earth-observation/1.0/conf/eowcs_get-kvp</ows:Profile><ows:Profile>http://www.opengis.net/spec/WCS/2.0/conf/core</ows:Profile>
    <ows:Profile>http://www.opengis.net/spec/WCS_protocol-binding_get-kvp/1.0/conf/get-kvp</ows:Profile>
    <ows:Profile>http://www.opengis.net/spec/WCS_protocol-binding_post-xml/1.0/conf/post-xml</ows:Profile>
    <ows:Profile>http://www.opengis.net/spec/WCS_service-model_crs-predefined/1.0/conf/crs-predefined</ows:Profile>
    <ows:Profile>http://www.placeholder.com/IMAGECRS</ows:Profile>
    <ows:Profile>http://www.opengis.net/spec/WCS_encoding_geotiff/1.0/conf/geotiff</ows:Profile>
    <ows:Profile>http://www.placeholder.com/GML_and_GeoTIFF</ows:Profile>
    <ows:Profile>http://www.opengis.net/spec/WCS_service-model_scaling+interpolation/1.0/conf/scaling+interpolation</ows:Profile>
    <ows:Profile>http://www.opengis.net/spec/WCS_service-model_band-subsetting/1.0/conf/band-subsetting</ows:Profile>
    <ows:Fees>None</ows:Fees>
    <ows:AccessConstraints>None</ows:AccessConstraints>
  </ows:ServiceIdentification>
  <ows:ServiceProvider>
    <ows:ProviderName>&lt;CONTACTORGANIZATION&gt;</ows:ProviderName>
    <ows:ProviderSite xlink:href="http://localhost:8000/ows?" xlink:type="simple"/>
    <ows:ServiceContact>
      <ows:IndividualName>&lt;CONTACTPERSON&gt;</ows:IndividualName>
      <ows:PositionName>&lt;CONTACTPOSITION&gt;</ows:PositionName>
      <ows:ContactInfo>
        <ows:Phone>
          <ows:Voice>&lt;CONTACTVOICETELEPHONE&gt;</ows:Voice>
          <ows:Facsimile>&lt;CONTACTFACSIMILETELEPHONE&gt;</ows:Facsimile>
        </ows:Phone>
        <ows:Address>
          <ows:DeliveryPoint>&lt;ADDRESS&gt;</ows:DeliveryPoint>
          <ows:City>&lt;CITY&gt;</ows:City>
          <ows:AdministrativeArea>&lt;STATEORPROVINCE&gt;</ows:AdministrativeArea>
          <ows:PostalCode>&lt;POSTCODE&gt;</ows:PostalCode>
          <ows:Country>&lt;COUNTRY&gt;</ows:Country>
          <ows:ElectronicMailAddress>&lt;CONTACTELECTRONICMAILADDRESS&gt;</ows:ElectronicMailAddress>
        </ows:Address>
        <ows:OnlineResource xlink:href="http://localhost:8000/ows?" xlink:type="simple"/>
        <ows:HoursOfService>&lt;HOURSOFSERVICE&gt;</ows:HoursOfService>
        <ows:ContactInstructions>&lt;CONTACTINSTRUCTIONS&gt;</ows:ContactInstructions>
      </ows:ContactInfo>
      <ows:Role>&lt;ROLE&gt;</ows:Role>
    </ows:ServiceContact>
  </ows:ServiceProvider>
  <ows:OperationsMetadata>
    <ows:Operation name="GetCapabilities">
      <ows:DCP>
        <ows:HTTP>
          <ows:Get xlink:href="http://localhost:8000/ows?" xlink:type="simple"/>
          <ows:Post xlink:href="http://localhost:8000/ows?" xlink:type="simple">
            <ows:Constraint name="PostEncoding">
              <ows:AllowedValues>
                <ows:Value>XML</ows:Value>
              </ows:AllowedValues>
            </ows:Constraint>
          </ows:Post>
        </ows:HTTP>
      </ows:DCP>
    </ows:Operation>
    <ows:Operation name="DescribeCoverage">
      <ows:DCP>
        <ows:HTTP>
          <ows:Get xlink:href="http://localhost:8000/ows?" xlink:type="simple"/>
          <ows:Post xlink:href="http://localhost:8000/ows?" xlink:type="simple">
            <ows:Constraint name="PostEncoding">
              <ows:AllowedValues>
                <ows:Value>XML</ows:Value>
              </ows:AllowedValues>
            </ows:Constraint>
          </ows:Post>
        </ows:HTTP>
      </ows:DCP>
    </ows:Operation>
    <ows:Operation name="GetCoverage">
      <ows:DCP>
        <ows:HTTP>
          <ows:Get xlink:href="http://localhost:8000/ows?" xlink:type="simple"/>
          <ows:Post xlink:href="http://localhost:8000/ows?" xlink:type="simple">
            <ows:Constraint name="PostEncoding">
              <ows:AllowedValues>
                <ows:Value>XML</ows:Value>
              </ows:AllowedValues>
            </ows:Constraint>
          </ows:Post>
        </ows:HTTP>
      </ows:DCP>
    </ows:Operation>
  <ows:Operation name="DescribeEOCoverageSet"><ows:DCP><ows:HTTP><ows:Get xlink:href="http://localhost:8000/ows?" xlink:type="simple"/><ows:Post xlink:href="http://localhost:8000/ows?" xlink:type="simple"><ows:Constraint name="PostEncoding"><ows:AllowedValues><ows:Value>XML</ows:Value></ows:AllowedValues></ows:Constraint></ows:Post></ows:HTTP></ows:DCP></ows:Operation><ows:Constraint name="CountDefault"><ows:NoValues></ows:NoValues><ows:DefaultValue>100</ows:DefaultValue></ows:Constraint></ows:OperationsMetadata>
  <wcs:ServiceMetadata/>
  <wcs:Contents><wcs:CoverageSummary><wcs:CoverageId>MER_FRS_1PNPDE20060816_090929_000001972050_00222_23322_0058_uint16_reduced_compressed</wcs:CoverageId><wcs:CoverageSubtype>RectifiedDataset</wcs:CoverageSubtype></wcs:CoverageSummary><wcs:CoverageSummary><wcs:CoverageId>mosaic_MER_FRS_1PNPDE20060816_090929_000001972050_00222_23322_0058_RGB_reduced</wcs:CoverageId><wcs:CoverageSubtype>RectifiedDataset</wcs:CoverageSubtype></wcs:CoverageSummary><wcs:CoverageSummary><wcs:CoverageId>mosaic_MER_FRS_1P_RGB_reduced</wcs:CoverageId><wcs:CoverageSubtype>RectifiedStitchedMosaic</wcs:CoverageSubtype></wcs:CoverageSummary><wcseo:DatasetSeriesSummary><ows:WGS84BoundingBox><ows:LowerCorner>-4.04296900 32.08007800</ows:LowerCorner><ows:UpperCorner>33.13476600 45.17578100</ows:UpperCorner></ows:WGS84BoundingBox><wcseo:DatasetSeriesId>MER_FRS_1P_reduced</wcseo:DatasetSeriesId><gml:TimePeriod gml:id="MER_FRS_1P_reduced_timeperiod"><gml:beginPosition>2006-08-16T00:00:00</gml:beginPosition><gml:endPosition>2006-08-31T00:00:00</gml:endPosition></gml:TimePeriod></wcseo:DatasetSeriesSummary></wcs:Contents>
</wcs:Capabilities>