<?xml version='1.0' encoding="ISO-8859-1" standalone="no" ?>
<WMS_Capabilities version="1.3.0" updateSequence="20110610T153000Z"  xmlns="http://www.opengis.net/wms"   xmlns:sld="http://www.opengis.net/sld"   xmlns:xsi="http://www.w3.org/2001/XMLSchema-instance"   xmlns:ms="http://mapserver.gis.umn.edu/mapserver"   xsi:schemaLocation="http://www.opengis.net/wms http://schemas.opengis.net/wms/1.3.0/capabilities_1_3_0.xsd  http://www.opengis.net/sld http://schemas.opengis.net/sld/1.1.0/sld_capabilities.xsd  http://mapserver.gis.umn.edu/mapserver http://localhost:8000/ows?service=WMS&amp;version=1.3.0&amp;request=GetSchemaExtension">

<!-- MapServer version 6.1-dev OUTPUT=GIF OUTPUT=PNG OUTPUT=JPEG OUTPUT=KML SUPPORTS=PROJ SUPPORTS=AGG SUPPORTS=CAIRO SUPPORTS=FREETYPE SUPPORTS=ICONV SUPPORTS=FRIBIDI SUPPORTS=WMS_SERVER SUPPORTS=WMS_CLIENT SUPPORTS=WFS_SERVER SUPPORTS=WFS_CLIENT SUPPORTS=WCS_SERVER SUPPORTS=SOS_SERVER SUPPORTS=FASTCGI SUPPORTS=THREADS SUPPORTS=GEOS INPUT=POSTGIS INPUT=OGR INPUT=GDAL INPUT=SHAPEFILE -->

<Service>
  <Name>WMS</Name>
  <Title>Test configuration of MapServer used to demonstrate EOxServer</Title>
  <Abstract>
Test configuration of MapServer used to demonstrate EOxServer
The MERIS test data is produced from the following ESA remote sensing data:
MERIS L1b sample data available at: http://earth.esa.int/object/index.cfm?fobjectid=4320

Copyright (C) European Space Agency - ESA
</Abstract>
        <KeywordList>
          <Keyword>EO-WCS</Keyword>
          <Keyword>WCS EO-AP</Keyword>
          <Keyword>WCS 2.0</Keyword>
          <Keyword>WCS</Keyword>
          <Keyword>WMS</Keyword>
          <Keyword>EO-WMS</Keyword>
          <Keyword>MERIS</Keyword>
          <Keyword>ASAR</Keyword>
          <Keyword>Envisat</Keyword>
        </KeywordList>
  <OnlineResource xmlns:xlink="http://www.w3.org/1999/xlink" xlink:href="http://eoxserver.org"/>
  <ContactInformation>
    <ContactPersonPrimary>
      <ContactPerson>Stephan Meissl</ContactPerson>
      <ContactOrganization>EOX IT Services GmbH - HG Wien - FN 312068z - UID ATU64265057</ContactOrganization>
    </ContactPersonPrimary>
      <ContactPosition>Senior IT Consultant</ContactPosition>
    <ContactAddress>
        <AddressType>postal</AddressType>
        <Address>Thurngasse 8/4</Address>
        <City>Wien</City>
        <StateOrProvince>Vienna</StateOrProvince>
        <PostCode>1090</PostCode>
        <Country>Austria</Country>
    </ContactAddress>
      <ContactVoiceTelephone>Provided on request</ContactVoiceTelephone>
      <ContactFacsimileTelephone>None</ContactFacsimileTelephone>
  <ContactElectronicMailAddress>office@eox.at</ContactElectronicMailAddress>
  </ContactInformation>
  <Fees>None</Fees>
  <AccessConstraints>None</AccessConstraints>
  <MaxWidth>2048</MaxWidth>
  <MaxHeight>2048</MaxHeight>
</Service>

<Capability>
  <Request>
    <GetCapabilities>
      <Format>text/xml</Format>
      <DCPType>
        <HTTP>
          <Get><OnlineResource xmlns:xlink="http://www.w3.org/1999/xlink" xlink:href="http://localhost:8000/ows?"/></Get>
          <Post><OnlineResource xmlns:xlink="http://www.w3.org/1999/xlink" xlink:href="http://localhost:8000/ows?"/></Post>
        </HTTP>
      </DCPType>
    </GetCapabilities>
    <GetMap>
      <Format>image/png</Format>
      <Format>image/jpeg</Format>
      <Format>image/gif</Format>
      <Format>image/png; mode=8bit</Format>
      <Format>application/x-pdf</Format>
      <Format>image/svg+xml</Format>
      <Format>image/tiff</Format>
      <Format>application/vnd.google-earth.kml+xml</Format>
      <Format>application/vnd.google-earth.kmz</Format>
      <DCPType>
        <HTTP>
          <Get><OnlineResource xmlns:xlink="http://www.w3.org/1999/xlink" xlink:href="http://localhost:8000/ows?"/></Get>
          <Post><OnlineResource xmlns:xlink="http://www.w3.org/1999/xlink" xlink:href="http://localhost:8000/ows?"/></Post>
        </HTTP>
      </DCPType>
    </GetMap>
    <GetFeatureInfo>
      <Format>text/plain</Format>
      <Format>application/vnd.ogc.gml</Format>
      <DCPType>
        <HTTP>
          <Get><OnlineResource xmlns:xlink="http://www.w3.org/1999/xlink" xlink:href="http://localhost:8000/ows?"/></Get>
          <Post><OnlineResource xmlns:xlink="http://www.w3.org/1999/xlink" xlink:href="http://localhost:8000/ows?"/></Post>
        </HTTP>
      </DCPType>
    </GetFeatureInfo>
    <sld:DescribeLayer>
      <Format>text/xml</Format>
      <DCPType>
        <HTTP>
          <Get><OnlineResource xmlns:xlink="http://www.w3.org/1999/xlink" xlink:href="http://localhost:8000/ows?"/></Get>
          <Post><OnlineResource xmlns:xlink="http://www.w3.org/1999/xlink" xlink:href="http://localhost:8000/ows?"/></Post>
        </HTTP>
      </DCPType>
    </sld:DescribeLayer>
    <sld:GetLegendGraphic>
      <Format>image/png</Format>
      <Format>image/jpeg</Format>
      <Format>image/gif</Format>
      <Format>image/png; mode=8bit</Format>
      <DCPType>
        <HTTP>
          <Get><OnlineResource xmlns:xlink="http://www.w3.org/1999/xlink" xlink:href="http://localhost:8000/ows?"/></Get>
          <Post><OnlineResource xmlns:xlink="http://www.w3.org/1999/xlink" xlink:href="http://localhost:8000/ows?"/></Post>
        </HTTP>
      </DCPType>
    </sld:GetLegendGraphic>
    <ms:GetStyles>
      <Format>text/xml</Format>
      <DCPType>
        <HTTP>
          <Get><OnlineResource xmlns:xlink="http://www.w3.org/1999/xlink" xlink:href="http://localhost:8000/ows?"/></Get>
          <Post><OnlineResource xmlns:xlink="http://www.w3.org/1999/xlink" xlink:href="http://localhost:8000/ows?"/></Post>
        </HTTP>
      </DCPType>
    </ms:GetStyles>
  </Request>
  <Exception>
    <Format>XML</Format>
    <Format>INIMAGE</Format>
    <Format>BLANK</Format>
  </Exception>
  <sld:UserDefinedSymbolization SupportSLD="1" UserLayer="0" UserStyle="1" RemoteWFS="0" InlineFeature="0" RemoteWCS="0"/>
  <!-- WARNING: No WMS layers are enabled. Check wms/ows_enable_request settings. -->
</Capability>
</WMS_Capabilities>
